#!/bin/sh
__sh2_check() { s="$1"; loc="$2"; mode="$3"; if [ "$s" -ne 0 ]; then if [ -n "$loc" ]; then printf 'Error in %s\n' "$loc" >&2; fi; if [ "$mode" = "return" ]; then return "$s"; else exit "$s"; fi; fi; }
main() {
  __sh2_loc="tests/fixtures/arith_len_plus_one.sh2:2:3"
  n="$(( ( $( printf "%s" 'hi' | awk '{ print length($0) }' ) + 1 ) ))"
  __sh2_status=$?
  __sh2_check "$__sh2_status" "${__sh2_loc:-}"
  printf '%s\n' "$n"
}
__sh2_status=0
main "$@"
