[
    Function {
        name: "main",
        params: [],
        commands: [
            Assign(
                "x",
                Number(
                    1,
                ),
                None,
            ),
            Exec {
                args: [
                    Literal(
                        "echo",
                    ),
                    Var(
                        "x",
                    ),
                ],
                allow_fail: false,
                loc: None,
            },
        ],
        file: "",
    },
]
