Program {
    imports: [],
    functions: [
        Function {
            name: "main",
            params: [],
            body: [
                Spanned {
                    node: Let {
                        name: "x",
                        value: Spanned {
                            node: Number(
                                1,
                            ),
                            span: Span {
                                start: 0,
                                end: 0,
                            },
                        },
                    },
                    span: Span {
                        start: 0,
                        end: 0,
                    },
                },
                Spanned {
                    node: Run(
                        RunCall {
                            args: [
                                Spanned {
                                    node: Var(
                                        "echo",
                                    ),
                                    span: Span {
                                        start: 0,
                                        end: 0,
                                    },
                                },
                                Spanned {
                                    node: Var(
                                        "x",
                                    ),
                                    span: Span {
                                        start: 0,
                                        end: 0,
                                    },
                                },
                            ],
                            options: [],
                        },
                    ),
                    span: Span {
                        start: 0,
                        end: 0,
                    },
                },
            ],
            span: Span {
                start: 0,
                end: 0,
            },
            file: "",
        },
    ],
    span: Span {
        start: 0,
        end: 0,
    },
    source_maps: {},
    entry_file: "",
}
