#!/bin/sh
__sh2_check() { __sh2_s="$1"; __sh2_l="$2"; __sh2_m="$3"; if [ "$__sh2_s" -ne 0 ]; then if [ "$__sh2_m" = "return" ]; then return "$__sh2_s"; fi; if [ -n "$__sh2_l" ]; then printf 'Error in %s\n' "$__sh2_l" >&2; fi; exit "$__sh2_s"; fi; }
__sh2_confirm() { __sh2_prompt="$1"; __sh2_default="$2"; shift 2; if [ "${SH2_NO:-}" = "1" ]; then printf '%s' '0'; return 0; fi; if [ "${SH2_YES:-}" = "1" ]; then printf '%s' '1'; return 0; fi; for __a in "$@"; do case "$__a" in --yes) printf '%s' '1'; return 0;; --no) printf '%s' '0'; return 0;; esac; done; if [ "${CI:-}" = "true" ] || ! [ -t 0 ]; then printf '%s' "$__sh2_default"; return 0; fi; while true; do if [ "$__sh2_default" = "1" ]; then printf '%s [Y/n] ' "$__sh2_prompt" >&2; else printf '%s [y/N] ' "$__sh2_prompt" >&2; fi; if ! IFS= read -r __sh2_ans; then printf '%s' "$__sh2_default"; return 0; fi; __sh2_ans_lc="$(printf '%s' "$__sh2_ans" | tr '[:upper:]' '[:lower:]')"; case "$__sh2_ans_lc" in y|yes) printf '%s' '1'; return 0;; n|no) printf '%s' '0'; return 0;; '') printf '%s' "$__sh2_default"; return 0;; esac; done; }
main() {
  export CI='true'
  export SH2_NO='1'
  if [ "$( __sh2_confirm 'go?' 1 "$@" )" = "1" ]; then
    printf '%s\n' 'yes'
  else
    printf '%s\n' 'no'
  fi
}
__sh2_status=0
main "$@"
