#!/usr/bin/env bash
__sh2_check() { local s="$1"; local loc="$2"; local mode="$3"; if (( s != 0 )); then if [[ "$mode" == "return" ]]; then return "$s"; else if [[ -n "$loc" ]]; then printf 'Error in %s\n' "$loc" >&2; fi; exit "$s"; fi; fi; }
__sh2_err_handler() {
  local s=$?
  local loc="${__sh2_loc:-}"
  if [[ "${BASH_COMMAND}" == *"(exit "* ]]; then return $s; fi
  if (( ${__sh2_suppress_err_depth:-0} > 0 )); then return "$s"; fi
  if [[ -z "$loc" ]]; then return $s; fi
  if [[ "$loc" == "${__sh2_last_err_loc:-}" && "$s" == "${__sh2_last_err_status:-}" ]]; then return $s; fi
  __sh2_last_err_loc="$loc"
  __sh2_last_err_status="$s"
  printf "Error in %s\n" "$loc" >&2
  return $s
}
set -o errtrace
trap '__sh2_err_handler' ERR
main() {
  local __sh2_loc=""
  __sh2_loc="tests/fixtures/dispatch_no_duplicates.sh2:2:3"
  cmd="$1"
  __sh2_status=$?
  __sh2_check "$__sh2_status" "${__sh2_loc:-}"
  if [ "$cmd" = 'core' ]; then
    __sh2_loc="tests/fixtures/dispatch_no_duplicates.sh2:4:5"
    sub="$2"
    __sh2_status=$?
    __sh2_check "$__sh2_status" "${__sh2_loc:-}"
    if [ "$sub" = 'dirs' ]; then
      printf '%s\n' 'dirs'
      return 0
    fi
    if [ "$sub" = 'install' ]; then
      printf '%s\n' 'install'
      return 0
    fi
    if [ "$sub" = 'registry' ]; then
      printf '%s\n' 'registry'
      return 0
    fi
    printf '%s\n' 'unknown'
    return 0
  fi
  printf '%s\n' 'other'
}
__sh2_status=0
main "$@"
