#!/bin/sh
__sh2_check() { __sh2_s="$1"; __sh2_l="$2"; __sh2_m="$3"; if [ "$__sh2_s" -ne 0 ]; then if [ "$__sh2_m" = "return" ]; then return "$__sh2_s"; fi; if [ -n "$__sh2_l" ]; then printf 'Error in %s\n' "$__sh2_l" >&2; fi; exit "$__sh2_s"; fi; }
shadow() {
  FOO="${1}"
  printf '%s\n' "${FOO-}"
  printf '%s\n' "$FOO"
}

main() {
  __sh2_loc="tests/fixtures/envdot_shadow.sh2:7:3"
  FOO='outer'
  __sh2_status=$?
  __sh2_check "$__sh2_status" "${__sh2_loc:-}"
  export FOO
  __sh2_loc="tests/fixtures/envdot_shadow.sh2:9:3"
  'shadow' 'local'; __sh2_status=$?
  __sh2_check "$__sh2_status" "${__sh2_loc:-}" "exit"
}
__sh2_status=0
main "$@"
