#!/usr/bin/env bash
__sh2_check() { local s="$1"; local loc="$2"; local mode="$3"; if (( s != 0 )); then if [[ "$mode" == "return" ]]; then return "$s"; else if [[ -n "$loc" ]]; then printf 'Error in %s\n' "$loc" >&2; fi; exit "$s"; fi; fi; }
__sh2_err_handler() {
  local s=$?
  local loc="${__sh2_loc:-}"
  if [[ "${BASH_COMMAND}" == *"(exit "* ]]; then return $s; fi
  if (( ${__sh2_suppress_err_depth:-0} > 0 )); then return "$s"; fi
  if [[ -z "$loc" ]]; then return $s; fi
  if [[ "$loc" == "${__sh2_last_err_loc:-}" && "$s" == "${__sh2_last_err_status:-}" ]]; then return $s; fi
  __sh2_last_err_loc="$loc"
  __sh2_last_err_status="$s"
  printf "Error in %s\n" "$loc" >&2
  return $s
}
set -o errtrace
trap '__sh2_err_handler' ERR
__sh2_load_envfile() { if [ -r "$1" ]; then awk '{ sub(/^[[:space:]]+/, ""); sub(/[[:space:]]+$/, ""); if($0=="" || substr($0,1,1)=="#") next; if(substr($0,1,7)=="export ") sub(/^export[[:space:]]+/, ""); idx=index($0,"="); if(idx==0) next; k=substr($0,1,idx-1); v=substr($0,idx+1); sub(/^[[:space:]]+/, "", k); sub(/[[:space:]]+$/, "", k); sub(/^[[:space:]]+/, "", v); sub(/[[:space:]]+$/, "", v); len=length(v); if(len>=2){ f=substr(v,1,1); l=substr(v,len,1); if((f=="\047" && l=="\047") || (f=="\"" && l=="\"")){ v=substr(v,2,len-2) } } printf "%s\t%s\n", k, v }' "$1" 2>/dev/null || true; fi; }
__sh2_json_kv() { printf '%s' "$1" | awk -F '\t' 'function esc(s) { gsub(/\\/, "\\\\", s); gsub(/"/, "\\\"", s); gsub(/\t/, "\\t", s); gsub(/\r/, "\\r", s); gsub(/\n/, "\\n", s); return s; } { k=$1; v=$2; if (k == "") next; if (!(k in seen)) { ord[++n] = k; seen[k] = 1; } val[k] = v; } END { printf "{"; for (i=1; i<=n; i++) { k = ord[i]; v = val[k]; printf "%s\"%s\":\"%s\"", (i==1?"":","), esc(k), esc(v); } printf "}"; }'; }
main() {
  local __sh2_loc=""
  __sh2_loc="tests/fixtures/json_kv_duplicates.sh2:2:3"
  m="$( __sh2_load_envfile 'env.meta' )"
  __sh2_status=$?
  __sh2_check "$__sh2_status" "${__sh2_loc:-}"
  printf '%s\n' "$( __sh2_json_kv "$m" )"
}
__sh2_status=0
main "$@"
