#!/usr/bin/env bash
__sh2_check() { local s="$1"; local loc="$2"; local mode="$3"; if (( s != 0 )); then if [[ "$mode" == "return" ]]; then return "$s"; else if [[ -n "$loc" ]]; then printf 'Error in %s\n' "$loc" >&2; fi; exit "$s"; fi; fi; }
__sh2_err_handler() {
  local s=$?
  local loc="${__sh2_loc:-}"
  if [[ "${BASH_COMMAND}" == *"(exit "* ]]; then return $s; fi
  if (( ${__sh2_suppress_err_depth:-0} > 0 )); then return "$s"; fi
  if [[ -z "$loc" ]]; then return $s; fi
  if [[ "$loc" == "${__sh2_last_err_loc:-}" && "$s" == "${__sh2_last_err_status:-}" ]]; then return $s; fi
  __sh2_last_err_loc="$loc"
  __sh2_last_err_status="$s"
  printf "Error in %s\n" "$loc" >&2
  return $s
}
set -o errtrace
trap '__sh2_err_handler' ERR
main() {
  local __sh2_loc=""
  __sh2_loc="tests/fixtures/list_ops.sh2:2:3"
  xs=('a' 'b' 'c')
  if [ "${#xs[@]}" = "3" ]; then
    printf '%s\n' 'count_ok'
  else
    printf '%s\n' 'count_bad'
  fi
  if [ "${xs[1]}" = 'b' ]; then
    printf '%s\n' 'index_ok'
  else
    printf '%s\n' 'index_bad'
  fi
  printf '%s\n' "$( IFS='-'; printf "%s" "${xs[*]}" )"
}
__sh2_status=0
main "$@"
