#!/bin/sh
__sh2_check() { __sh2_s="$1"; __sh2_l="$2"; __sh2_m="$3"; if [ "$__sh2_s" -ne 0 ]; then if [ "$__sh2_m" = "return" ]; then return "$__sh2_s"; fi; if [ -n "$__sh2_l" ]; then printf 'Error in %s\n' "$__sh2_l" >&2; fi; exit "$__sh2_s"; fi; }
__sh2_parse_args() {
  __out="" 
  while [ "$#" -gt 0 ]; do
    case "$1" in
      --) shift; while [ "$#" -gt 0 ]; do __out="${__out}P	${1}
"; shift; done; break ;;
      --*=*) __key="${1%%=*}"; __val="${1#*=}"; __out="${__out}F	${__key}	${__val}
" ;;
      --*) __key="$1"; __f=0; case "$2" in --*) __f=1;; esac
           if [ "$#" -gt 1 ] && [ "${2}" != "--" ] && [ "$__f" = 0 ]; then __val="$2"; shift; else __val="true"; fi
           __out="${__out}F	${__key}	${__val}
" ;;
      *) __out="${__out}P	${1}
" ;;
    esac
    shift
  done
  printf '%s' "$__out"
}
__sh2_args_flags() { printf '%s' "$1" | awk '/^F\t/ { sub(/^F\t/, ""); print }'; }
__sh2_args_positionals() { printf '%s' "$1" | awk '/^P\t/ { sub(/^P\t/, ""); print }'; }
__sh2_args_flag_get() { printf '%s' "$1" | awk -v k="$2" -F '\t' '{ if (sub(/^F\t/, "")) { if ($1==k) v=$2 } else if ($1==k) v=$2 } END { printf "%s", v }'; }
__sh2_list_get() { printf '%s' "$1" | awk -v i="$2" 'NR==i+1 { printf "%s", $0; exit }'; }
show() {
  __sh2_loc="tests/fixtures/parse_args_in_helper.sh2:2:3"
  a="${__sh2_parsed_args}"
  __sh2_status=$?
  __sh2_check "$__sh2_status" "${__sh2_loc:-}"
  printf '%s\n' 'k='"$( __sh2_args_flag_get "$( __sh2_args_flags "$a" )" '--k' )"
  printf '%s\n' 'p0='"$( __sh2_list_get "$( __sh2_args_positionals "$a" )" $(( 0 )) )"
}

main() {
  __sh2_loc="tests/fixtures/parse_args_in_helper.sh2:6:15"
  'show'; __sh2_status=$?
  __sh2_check "$__sh2_status" "${__sh2_loc:-}" "exit"
}

__sh2_parsed_args="$(__sh2_parse_args "$@")"
__sh2_status=0
main "$@"
