#!/bin/sh
__sh2_check() { __sh2_s="$1"; __sh2_l="$2"; __sh2_m="$3"; if [ "$__sh2_s" -ne 0 ]; then if [ "$__sh2_m" = "return" ]; then return "$__sh2_s"; fi; if [ -n "$__sh2_l" ]; then printf 'Error in %s\n' "$__sh2_l" >&2; fi; exit "$__sh2_s"; fi; }
main() {
  ( __sh2_loc="tests/fixtures/pid_basic.sh2:2:11"; 'bash' '-c' 'exit 7' ) &
  __sh2_loc="tests/fixtures/pid_basic.sh2:3:5"
  p="$!"
  __sh2_status=$?
  __sh2_check "$__sh2_status" "${__sh2_loc:-}"
  wait "$p"; __sh2_status=$?
  __sh2_check "$__sh2_status" "${__sh2_loc:-}"
  printf '%s\n' "$__sh2_status"
}
__sh2_status=0
main "$@"
