#!/usr/bin/env bash
__sh2_check() { local s="$1"; local loc="$2"; local mode="$3"; if (( s != 0 )); then if [[ "$mode" == "return" ]]; then return "$s"; else if [[ -n "$loc" ]]; then printf 'Error in %s\n' "$loc" >&2; fi; exit "$s"; fi; fi; }
main() {
  __sh2_cmd=''
  __sh2_cmd+='printf '\''%s\n'\'' "'
  __sh2_cmd+='$1'
  __sh2_cmd+='"'
  __sh2_status=0; 'sh' -c "$__sh2_cmd" '_' 'a b' || __sh2_status=$?
  __sh2_check "$__sh2_status" '/home/hmak/repos/rust/sh2lang/sh2c/tests/fixtures/quote_space_arg.sh2:2:3'
}
__sh2_status=0
main "$@"
