#!/bin/sh
__sh2_check() { __sh2_s="$1"; __sh2_l="$2"; __sh2_m="$3"; if [ "$__sh2_s" -ne 0 ]; then if [ "$__sh2_m" = "return" ]; then return "$__sh2_s"; fi; if [ -n "$__sh2_l" ]; then printf 'Error in %s\n' "$__sh2_l" >&2; fi; exit "$__sh2_s"; fi; }
__sh2_read_file() { cat "$1"; }
main() {
  case $- in *e*) __sh2_e=1;; *) __sh2_e=0;; esac; set +e
  if {
    {
      __sh2_loc="tests/fixtures/read_file_missing.sh2:3:9"
      s="$( __sh2_read_file 'does_not_exist_xyz.txt' )"
      __sh2_status=$?
      __sh2_check "$__sh2_status" "${__sh2_loc:-}" "return"
    } && {
      printf '%s\n' 'not likely'
    }
  }; then
    if [ "${__sh2_e:-0}" = 1 ]; then set -e; fi
  else
    if [ "${__sh2_e:-0}" = 1 ]; then set -e; fi
    printf '%s\n' 'empty'
  fi
}
__sh2_status=0
main "$@"
