#!/bin/sh
__sh2_check() { s="$1"; loc="$2"; mode="$3"; if [ "$s" -ne 0 ]; then if [ -n "$loc" ]; then printf 'Error in %s\n' "$loc" >&2; fi; if [ "$mode" = "return" ]; then return "$s"; else exit "$s"; fi; fi; }
main() {
  __sh2_loc="tests/fixtures/redirect_io.sh2:3:3"
  f="$( 'mktemp' )"
  __sh2_status=$?
  __sh2_check "$__sh2_status" "${__sh2_loc:-}"
  {
    printf '%s\n' 'out'
  } > "$f"
  {
    printf '%s\n' 'err' >&2
  } 2>> "$f"
  __sh2_loc="tests/fixtures/redirect_io.sh2:14:3"
  'cat' "$f"; __sh2_status=$?
  __sh2_check "$__sh2_status" "${__sh2_loc:-}" "exit"
  {
    printf '%s\n' 'e2s' >&2
  } 2>&1
  __sh2_loc="tests/fixtures/redirect_io.sh2:22:3"
  infile="$( 'mktemp' )"
  __sh2_status=$?
  __sh2_check "$__sh2_status" "${__sh2_loc:-}"
  echo hello > $infile
  __sh2_status=$?
  __sh2_check "$__sh2_status" "${__sh2_loc:-}"
  {
    __sh2_loc="tests/fixtures/redirect_io.sh2:25:5"
    'cat'; __sh2_status=$?
    __sh2_check "$__sh2_status" "${__sh2_loc:-}" "exit"
  } < "$infile"
  __sh2_loc="tests/fixtures/redirect_io.sh2:29:3"
  f2="$( 'mktemp' )"
  __sh2_status=$?
  __sh2_check "$__sh2_status" "${__sh2_loc:-}"
  {
    printf '%s\n' 'swap_ok'
  } 2> "$f2" 1>&2
  __sh2_loc="tests/fixtures/redirect_io.sh2:33:3"
  'cat' "$f2"; __sh2_status=$?
  __sh2_check "$__sh2_status" "${__sh2_loc:-}" "exit"
  __sh2_loc="tests/fixtures/redirect_io.sh2:36:3"
  'rm' '-f' "$f"; __sh2_status=$?
  __sh2_check "$__sh2_status" "${__sh2_loc:-}" "exit"
  __sh2_loc="tests/fixtures/redirect_io.sh2:37:3"
  'rm' '-f' "$infile"; __sh2_status=$?
  __sh2_check "$__sh2_status" "${__sh2_loc:-}" "exit"
  __sh2_loc="tests/fixtures/redirect_io.sh2:38:3"
  'rm' '-f' "$f2"; __sh2_status=$?
  __sh2_check "$__sh2_status" "${__sh2_loc:-}" "exit"
}
__sh2_status=0
main "$@"
