#!/usr/bin/env bash
__sh2_check() { local s="$1"; local loc="$2"; local mode="$3"; if (( s != 0 )); then if [[ "$mode" == "return" ]]; then return "$s"; else if [[ -n "$loc" ]]; then printf 'Error in %s\n' "$loc" >&2; fi; exit "$s"; fi; fi; }
__sh2_err_handler() {
  local s=$?
  local loc="${__sh2_loc:-}"
  if [[ "${BASH_COMMAND}" == *"(exit "* ]]; then return $s; fi
  if (( ${__sh2_suppress_err_depth:-0} > 0 )); then return "$s"; fi
  if [[ -z "$loc" ]]; then return $s; fi
  if [[ "$loc" == "${__sh2_last_err_loc:-}" && "$s" == "${__sh2_last_err_status:-}" ]]; then return $s; fi
  __sh2_last_err_loc="$loc"
  __sh2_last_err_status="$s"
  printf "Error in %s\n" "$loc" >&2
  return $s
}
set -o errtrace
trap '__sh2_err_handler' ERR
main() {
  local __sh2_loc=""
  {
    __sh2_fifo_out_0="/tmp/.${USER:-user}.sh2.fifo.out.0.$$"
    trap 'rm -f "$__sh2_fifo_out_0"' RETURN
    mkfifo "$__sh2_fifo_out_0" || { __sh2_status=1; return 1; }
    ( tee 'cmd_fail.log' < "$__sh2_fifo_out_0" ) &
    __sh2_pid_out_0=$!
    {
      __sh2_loc="tests/fixtures/redirect_multi_status_cmd_fail.sh2:6:9"
      'sh' '-c' 'exit 7'; __sh2_status=$?
      __sh2_check "$__sh2_status" "${__sh2_loc:-}" "exit"
    } >"$__sh2_fifo_out_0"
    __sh2_cs_0=$?
    wait "$__sh2_pid_out_0"
    __sh2_ts_out_0=$?
    __sh2_final_0=${__sh2_cs_0:-0}
    if [ "${__sh2_ts_out_0:-0}" -ne 0 ]; then __sh2_final_0=$__sh2_ts_out_0; fi
    __sh2_status=$__sh2_final_0
  }
}
__sh2_status=0
main "$@"
