#!/bin/sh
__sh2_check() { __sh2_s="$1"; __sh2_l="$2"; __sh2_m="$3"; if [ "$__sh2_s" -ne 0 ]; then if [ "$__sh2_m" = "return" ]; then return "$__sh2_s"; fi; if [ -n "$__sh2_l" ]; then printf 'Error in %s\n' "$__sh2_l" >&2; fi; exit "$__sh2_s"; fi; }
check() {
  path="${1}"
  if [ -s "$path" ]; then printf '%s' 1; fi
  return 0
}

main() {
  __sh2_loc="tests/fixtures/return_fs_predicate.sh2:6:3"
  'sh' '-c' 'rm -f empty nonempty; printf '\'''\'' > empty; echo hi > nonempty'; __sh2_status=$?
  __sh2_check "$__sh2_status" "${__sh2_loc:-}" "exit"
  __sh2_loc="tests/fixtures/return_fs_predicate.sh2:7:3"
  'check' 'nonempty'; __sh2_status=$?
  __sh2_check "$__sh2_status" "${__sh2_loc:-}" "exit"
  if [ "$__sh2_status" = "0" ]; then
    printf '%s\n' 'nonempty: ok'
  fi
  __sh2_loc="tests/fixtures/return_fs_predicate.sh2:12:3"
  'check' 'empty'; __sh2_status=$?
  __sh2_check "$__sh2_status" "${__sh2_loc:-}" "exit"
  if [ "$__sh2_status" = "1" ]; then
    printf '%s\n' 'empty: ok'
  fi
}
__sh2_status=0
main "$@"
