#!/bin/sh
__sh2_check() { __sh2_s="$1"; __sh2_l="$2"; __sh2_m="$3"; if [ "$__sh2_s" -ne 0 ]; then if [ "$__sh2_m" = "return" ]; then return "$__sh2_s"; fi; if [ -n "$__sh2_l" ]; then printf 'Error in %s\n' "$__sh2_l" >&2; fi; exit "$__sh2_s"; fi; }
__sh2_tmpfile() { if command -v mktemp >/dev/null 2>&1; then mktemp; else printf "%s/sh2_tmp_%s_%s" "${TMPDIR:-/tmp}" "$$" "$(awk 'BEGIN{srand();print int(rand()*1000000)}')"; fi; }
main() {
  __sh2_loc="tests/fixtures/sh_allow_fail_capture.sh2:2:5"
    r__stdout_tmp=$(__sh2_tmpfile)
  r__stderr_tmp=$(__sh2_tmpfile)
  r__cs=0
  ( 'sh' 'printf out; printf err 1>&2; exit 7' ) >"${r__stdout_tmp}" 2>"${r__stderr_tmp}" || r__cs=$?
  r__status="${r__cs}"
  __sh2_status="${r__cs}"
  r__stdout=$(cat "${r__stdout_tmp}")
  r__stderr=$(cat "${r__stderr_tmp}")
  r="${r__stdout}"
  rm -f "${r__stdout_tmp}" "${r__stderr_tmp}"
  printf '%s\n' 'status: '"$r__status"
  printf '%s\n' 'stdout: '"$r__stdout"
  printf '%s\n' 'stderr: '"$r__stderr"
}
__sh2_status=0
main "$@"
