#!/bin/sh
__sh2_check() { __sh2_s="$1"; __sh2_l="$2"; __sh2_m="$3"; if [ "$__sh2_s" -ne 0 ]; then if [ "$__sh2_m" = "return" ]; then return "$__sh2_s"; fi; if [ -n "$__sh2_l" ]; then printf 'Error in %s\n' "$__sh2_l" >&2; fi; exit "$__sh2_s"; fi; }
__sh2_replace() { awk -v s="$1" -v old="$2" -v new="$3" 'BEGIN { if(old=="") { printf "%s", s; exit } len=length(old); while(i=index(s, old)) { printf "%s%s", substr(s, 1, i-1), new; s=substr(s, i+len) } printf "%s", s }'; }
main() {
  printf '%s\n' "$( __sh2_replace 'a-b-a' 'a' 'X' )"
  printf '%s\n' "$( __sh2_replace 'abc' '' 'Z' )"
  printf '%s\n' "$( __sh2_replace 'abc' 'b' '' )"
}
__sh2_status=0
main "$@"
