#!/usr/bin/env bash
__sh2_check() { local s="$1"; local loc="$2"; local mode="$3"; if (( s != 0 )); then if [[ "$mode" == "return" ]]; then return "$s"; else if [[ -n "$loc" ]]; then printf 'Error in %s\n' "$loc" >&2; fi; exit "$s"; fi; fi; }
__sh2_err_handler() {
  local s=$?
  local loc="${__sh2_loc:-}"
  if [[ "${BASH_COMMAND}" == *"(exit "* ]]; then return $s; fi
  if (( ${__sh2_suppress_err_depth:-0} > 0 )); then return "$s"; fi
  if [[ -z "$loc" ]]; then return $s; fi
  if [[ "$loc" == "${__sh2_last_err_loc:-}" && "$s" == "${__sh2_last_err_status:-}" ]]; then return $s; fi
  __sh2_last_err_loc="$loc"
  __sh2_last_err_status="$s"
  printf "Error in %s\n" "$loc" >&2
  return $s
}
set -o errtrace
trap '__sh2_err_handler' ERR
main() {
  local __sh2_loc=""
  __sh2_loc="tests/fixtures/wait_all_ok.sh2:4:5"
  __sh2_loc="tests/fixtures/wait_all_ok.sh2:4:20"
  'sh' '-c' 'exit 0' &
  __sh2_status=$?
  p1=$!
  __sh2_check "$__sh2_status" "${__sh2_loc:-}"
  __sh2_loc="tests/fixtures/wait_all_ok.sh2:5:5"
  __sh2_loc="tests/fixtures/wait_all_ok.sh2:5:20"
  'sh' '-c' 'exit 0' &
  __sh2_status=$?
  p2=$!
  __sh2_check "$__sh2_status" "${__sh2_loc:-}"
  __sh2_loc="tests/fixtures/wait_all_ok.sh2:7:5"
  pids=("$p1" "$p2")
  __sh2_loc="tests/fixtures/wait_all_ok.sh2:8:5"
  __sh2_loc="tests/fixtures/wait_all_ok.sh2:8:14"
  __sh2_wait_all_first=0
  for __sh2_pid in "${pids[@]}"; do
    wait "$__sh2_pid"
    __sh2_status=$?
    if [ "$__sh2_status" -ne 0 ] && [ "$__sh2_wait_all_first" -eq 0 ]; then
      __sh2_wait_all_first=$__sh2_status
    fi
  done
  __sh2_status=$__sh2_wait_all_first
  __sh2_check "$__sh2_status" "${__sh2_loc:-}"
  rc=$__sh2_wait_all_first
  printf '%s\n' 'all succeeded, rc: '"$rc"
}
__sh2_status=0
main "$@"
