#!/usr/bin/env bash
__sh2_check() { local s="$1"; local loc="$2"; local mode="$3"; if (( s != 0 )); then if [[ "$mode" == "return" ]]; then return "$s"; else if [[ -n "$loc" ]]; then printf 'Error in %s\n' "$loc" >&2; fi; exit "$s"; fi; fi; }
__sh2_err_handler() {
  local s=$?
  local loc="${__sh2_loc:-}"
  if [[ "${BASH_COMMAND}" == *"(exit "* ]]; then return $s; fi
  if (( ${__sh2_suppress_err_depth:-0} > 0 )); then return "$s"; fi
  if [[ -z "$loc" ]]; then return $s; fi
  if [[ "$loc" == "${__sh2_last_err_loc:-}" && "$s" == "${__sh2_last_err_status:-}" ]]; then return $s; fi
  __sh2_last_err_loc="$loc"
  __sh2_last_err_status="$s"
  printf "Error in %s\n" "$loc" >&2
  return $s
}
set -o errtrace
trap '__sh2_err_handler' ERR
main() {
  local __sh2_loc=""
  (
    __sh2_log_path='out.log'
    : > "$__sh2_log_path"
    trap 'exec >&-; exec 2>&-; wait' EXIT
    exec > >(tee -a "$__sh2_log_path")
    exec 2> >(tee -a "$__sh2_log_path" >&2)
    printf '%s\n' 'A'
  )
  (
    __sh2_log_path='out.log'
    trap 'exec >&-; exec 2>&-; wait' EXIT
    exec > >(tee -a "$__sh2_log_path")
    exec 2> >(tee -a "$__sh2_log_path" >&2)
    printf '%s\n' 'B'
  )
  __sh2_loc="tests/fixtures/with_log_append.sh2:4:5"
  'cat' 'out.log'; __sh2_status=$?
  __sh2_check "$__sh2_status" "${__sh2_loc:-}" "exit"
}
__sh2_status=0
main "$@"
