#!/bin/sh
__sh2_check() { __sh2_s="$1"; __sh2_l="$2"; __sh2_m="$3"; if [ "$__sh2_s" -ne 0 ]; then if [ "$__sh2_m" = "return" ]; then return "$__sh2_s"; fi; if [ -n "$__sh2_l" ]; then printf 'Error in %s\n' "$__sh2_l" >&2; fi; exit "$__sh2_s"; fi; }
__sh2_read_file() { cat "$1"; }
__sh2_write_file() { if [ "$3" = "true" ]; then printf '%s' "$2" >> "$1"; else printf '%s' "$2" > "$1"; fi; }
main() {
  __sh2_loc="tests/fixtures/write_file_spaces.sh2:3:5"
  'mkdir' '-p' 'dir with spaces'; __sh2_status=$?
  __sh2_check "$__sh2_status" "${__sh2_loc:-}" "exit"
  __sh2_loc="tests/fixtures/write_file_spaces.sh2:4:5"
  p='dir with spaces/file.txt'
  __sh2_status=$?
  __sh2_check "$__sh2_status" "${__sh2_loc:-}"
  printf '%s' 'content' > "$p"
  __sh2_status=$?
  __sh2_check "$__sh2_status" "${__sh2_loc:-}"
  printf '%s\n' "$( __sh2_read_file "$p" )"
}
__sh2_status=0
main "$@"
