#!/bin/sh
main() {
  {
    __sh2_loc="tests/fixtures/and_or_chain.sh2:2:3"
    'true'; __sh2_status=$?; (exit $__sh2_status)
  } && {
    printf '%s\n' 'ok'
  }
  {
    __sh2_loc="tests/fixtures/and_or_chain.sh2:3:3"
    'false'; __sh2_status=$?; (exit $__sh2_status)
  } || {
    printf '%s\n' 'fallback'
  }
}
__sh2_status=0
main "$@"
