#!/bin/sh
__sh2_check() { s="$1"; loc="$2"; mode="$3"; if [ "$s" -ne 0 ]; then if [ -n "$loc" ]; then printf 'Error in %s\n' "$loc" >&2; fi; if [ "$mode" = "return" ]; then return "$s"; else exit "$s"; fi; fi; }
main() {
  if true; then
    printf '%s\n' 't_ok'
  else
    printf '%s\n' 't_bad'
  fi
  if false; then
    printf '%s\n' 'f_bad'
  else
    printf '%s\n' 'f_ok'
  fi
}
__sh2_status=0
main "$@"
