#!/bin/sh
main() {
  __sh2_loc="tests/fixtures/bool_str_as_arg.sh2:2:3"
  'sh' '-c' 'rm -f empty; : > empty'; __sh2_status=$?; (exit $__sh2_status)
  __sh2_loc="tests/fixtures/bool_str_as_arg.sh2:3:3"
  'printf' '%s\n' "$( if [ -s 'empty' ]; then printf "%s" "true"; else printf "%s" "false"; fi )"; __sh2_status=$?; (exit $__sh2_status)
}
__sh2_status=0
main "$@"
