main() {
  __sh2_loc="tests/fixtures/bool_str_basic.sh2:2"
  'sh' '-c' 'rm -f empty nonempty; : > empty; echo hi > nonempty'; __sh2_status=$?; if [ $__sh2_status -ne 0 ]; then printf 'Error in %s\n' "$__sh2_loc" >&2; exit $__sh2_status; fi
  printf '%s\n' "$( if [ -s 'nonempty' ]; then printf "%s" "true"; else printf "%s" "false"; fi )"
  printf '%s\n' "$( if [ -s 'empty' ]; then printf "%s" "true"; else printf "%s" "false"; fi )"
  printf '%s\n' 'missing='"$( if [ -s 'missing' ]; then printf "%s" "true"; else printf "%s" "false"; fi )"
  printf '%s\n' 'not_empty='"$( if ! [ -s 'empty' ]; then printf "%s" "true"; else printf "%s" "false"; fi )"
}
__sh2_status=0
main "$@"
