main() {
  'sh' '-c' 'rm -f empty nonempty; : > empty; echo hi > nonempty'
  printf '%s\n' "$( if [ -s 'nonempty' ]; then printf "%s" "true"; else printf "%s" "false"; fi )"
  printf '%s\n' "$( if [ -s 'empty' ]; then printf "%s" "true"; else printf "%s" "false"; fi )"
  printf '%s\n' 'missing='"$( if [ -s 'missing' ]; then printf "%s" "true"; else printf "%s" "false"; fi )"
  printf '%s\n' 'not_empty='"$( if ! [ -s 'empty' ]; then printf "%s" "true"; else printf "%s" "false"; fi )"
}

main "$@"

