__sh2_err_handler() { printf "Error in %s\n" "${__sh2_loc:-unknown}" >&2; }
trap '__sh2_err_handler' ERR
main() {
  __sh2_loc="/srv/repos/rust/sh2c/tests/fixtures/capture_is_single_arg.sh2:2"
  out="$( 'echo' 'a b' )"
  __sh2_loc="/srv/repos/rust/sh2c/tests/fixtures/capture_is_single_arg.sh2:3"
  'echo' "$out"; __sh2_status=$?; (exit $__sh2_status)
}
__sh2_status=0
main "$@"
