__sh2_err_handler() { printf "Error in %s\n" "${__sh2_loc:-unknown}" >&2; }
trap '__sh2_err_handler' ERR
main() {
  __sh2_loc="tests/fixtures/case_glob_star.sh2:2"
  x='foo123'
  case "$x" in
    'foo'*)
      printf '%s\n' 'hit'
    ;;
    *)
      printf '%s\n' 'miss'
    ;;
  esac
}
__sh2_status=0
main "$@"
