__sh2_err_handler() { printf "Error in %s\n" "${__sh2_loc:-unknown}" >&2; }
trap '__sh2_err_handler' ERR
main() {
  __sh2_loc="/srv/repos/rust/sh2c/tests/fixtures/compare.sh2:2"
  user='admin'
  if [ "$user" = 'admin' ]; then
    printf '%s\n' 'welcome root'
  fi
  if [ "$user" != 'guest' ]; then
    printf '%s\n' 'not guest'
  fi
}
__sh2_status=0
main "$@"
