main() {
  __sh2_loc="/srv/repos/rust/sh2c/tests/fixtures/concat_amp_basic.sh2:2"
  x='a''b'
  printf '%s\n' "$x"
  __sh2_loc="/srv/repos/rust/sh2c/tests/fixtures/concat_amp_basic.sh2:4"
  'echo' 'c''d'; __sh2_status=$?; if [ $__sh2_status -ne 0 ]; then printf 'Error in %s\n' "$__sh2_loc" >&2; exit $__sh2_status; fi
}
__sh2_status=0
main "$@"
