diag_span_bad_option_loc.sh2:2:30: write_file() third argument must be a boolean literal
    write_file("foo", "bar", invalid)
                             ^~~~~~~
Error: diag_span_bad_option_loc.sh2:2:30: write_file() third argument must be a boolean literal
    write_file("foo", "bar", invalid)
                             ^~~~~~~