__sh2_err_handler() { printf "Error in %s\n" "${__sh2_loc:-unknown}" >&2; }
trap '__sh2_err_handler' ERR
main() {
  __sh2_loc="/srv/repos/rust/sh2c/tests/fixtures/exists_isdir_isfile_basic.sh2:2"
  'sh' '-c' 'rm -rf tdir tfile; mkdir tdir; echo hi > tfile'; __sh2_status=$?; (exit $__sh2_status)
  if [ -e 'tfile' ] && [ -f 'tfile' ] && [ -d 'tdir' ]; then
    printf '%s\n' 'ok'
  else
    printf '%s\n' 'bad'
  fi
}
__sh2_status=0
main "$@"
