#!/usr/bin/env bash
__sh2_check() { local s="$1"; local loc="$2"; if (( s != 0 )); then if [[ -n "$loc" ]]; then printf 'Error in %s\n' "$loc" >&2; fi; exit "$s"; fi; }
__sh2_uid="$(id -u 2>/dev/null || printf '%s' 0)"
main() {
  printf '%s\n' "$__sh2_uid"
  printf '%s\n' "$PPID"
  printf '%s\n' "$PWD"
  printf '%s\n' "$0"
  printf '%s\n' "$#"
  printf '%s\n' "$$"
}
__sh2_status=0
main "$@"
