__sh2_err_handler() { printf "Error in %s\n" "${__sh2_loc:-unknown}" >&2; }
trap '__sh2_err_handler' ERR
main() {
  __sh2_loc="/srv/repos/rust/sh2c/tests/fixtures/fs_exists_dir_file_symlink_basic.sh2:2"
  'sh' '-c' 'rm -rf tmp; mkdir -p tmp/dir; : > tmp/file; ln -s file tmp/link'; __sh2_status=$?; (exit $__sh2_status)
  if [ -e 'tmp/file' ] && [ -f 'tmp/file' ] && [ -d 'tmp/dir' ] && [ -L 'tmp/link' ]; then
    printf '%s\n' 'ok'
  else
    printf '%s\n' 'bad'
  fi
}
__sh2_status=0
main "$@"
