#!/bin/sh
__sh2_check() { s="$1"; loc="$2"; if [ "$s" -ne 0 ]; then if [ -n "$loc" ]; then printf 'Error in %s\n' "$loc" >&2; fi; exit "$s"; fi; }
echo1() {
  x="${1}"
  printf '%s\n' "$x"
}

main() {
  __sh2_loc="tests/fixtures/func_params_basic.sh2:6:3"
  'echo1' 'hi'; __sh2_status=$?
  __sh2_check "$__sh2_status" "${__sh2_loc:-}"
}
__sh2_status=0
main "$@"
