__sh2_err_handler() { local s=$?; if [[ "${BASH_COMMAND}" == *"(exit "* ]]; then return $s; fi; printf "Error in %s\n" "${__sh2_loc:-unknown}" >&2; return $s; }
set -o errtrace
trap '__sh2_err_handler' ERR
main() {
  local __sh2_loc=""
  __sh2_loc="tests/fixtures/group_basic.sh2:2:5"
  x='outside'
  {
    __sh2_loc="tests/fixtures/group_basic.sh2:4:9"
    x='inside'
    printf '%s\n' "$x"
  }
  printf '%s\n' "$x"
}
__sh2_status=0
main "$@"
