__sh2_err_handler() { printf "Error in %s\n" "${__sh2_loc:-unknown}" >&2; }
trap '__sh2_err_handler' ERR
main() {
  {
    __sh2_loc="tests/fixtures/heredoc_literal_no_expansion.sh2:5:9"
    'cat'; __sh2_status=$?; (exit $__sh2_status)
  } <<'__SH2_EOF__'
a $HOME \ * `cmd`
__SH2_EOF__
}
__sh2_status=0
main "$@"
