__sh2_err_handler() { printf "Error in %s\n" "${__sh2_loc:-unknown}" >&2; }
trap '__sh2_err_handler' ERR
main() {
  __sh2_loc="tests/fixtures/index_arith_index.sh2:2"
  xs=('a' 'b' 'c')
  __sh2_loc="tests/fixtures/index_arith_index.sh2:3"
  i="0"
  printf '%s\n' "${xs[( i + 2 )]}"
}
__sh2_status=0
main "$@"
