__sh2_err_handler() { printf "Error in %s\n" "${__sh2_loc:-unknown}" >&2; }
trap '__sh2_err_handler' ERR
main() {
  __sh2_loc="/srv/repos/rust/sh2c/tests/fixtures/interpolated_string_dollar_escape.sh2:2"
  name='world'
  printf '%s\n' 'literal: $name'
  printf '%s\n' 'literal2: ${name}'
}
__sh2_status=0
main "$@"
