main() {
  (
    export FOO='bar'
    if [ "${FOO}" = 'bar' ]; then
      printf '%s\n' 'env_ok'
    else
      printf '%s\n' 'env_bad'
    fi
  )
  if [ "$( printf "%s" "$PWD" | awk '{ print length($0) }' )" -gt "0" ]; then
    printf '%s\n' 'pwd_ok'
  else
    printf '%s\n' 'pwd_bad'
  fi
  if [ "$( printf "%s" "$0" | awk '{ print length($0) }' )" -gt "0" ]; then
    printf '%s\n' 'argv0_ok'
  else
    printf '%s\n' 'argv0_bad'
  fi
  if [ "$#" = "0" ]; then
    printf '%s\n' 'argc_ok'
  else
    printf '%s\n' 'argc_bad'
  fi
  if [ "$$" -gt "0" ] && [ "$PPID" -gt "0" ]; then
    printf '%s\n' 'pid_ok'
  else
    printf '%s\n' 'pid_bad'
  fi
  if [ "$UID" -ge "0" ]; then
    printf '%s\n' 'uid_ok'
  else
    printf '%s\n' 'uid_bad'
  fi
}
__sh2_status=0
main "$@"
