__sh2_err_handler() { printf "Error in %s\n" "${__sh2_loc:-unknown}" >&2; }
trap '__sh2_err_handler' ERR
main() {
  __sh2_loc="tests/fixtures/let_args.sh2:2"
  xs=("$@")
  printf '%s\n' "${#xs[@]}"
  printf '%s\n' "${xs[0]}"
  printf '%s\n' "$( IFS=','; printf "%s" "${xs[*]}" )"
}
__sh2_status=0
main "$@"
