__sh2_err_handler() { local s=$?; if [[ "${BASH_COMMAND}" == *"(exit "* ]]; then return $s; fi; printf "Error in %s\n" "${__sh2_loc:-unknown}" >&2; return $s; }
set -o errtrace
trap '__sh2_err_handler' ERR
main() {
  local __sh2_loc=""
  __sh2_loc="tests/fixtures/list_ops.sh2:2:3"
  xs=('a' 'b' 'c')
  if [ "${#xs[@]}" = "3" ]; then
    printf '%s\n' 'count_ok'
  else
    printf '%s\n' 'count_bad'
  fi
  if [ "${xs[1]}" = 'b' ]; then
    printf '%s\n' 'index_ok'
  else
    printf '%s\n' 'index_bad'
  fi
  printf '%s\n' "$( IFS='-'; printf "%s" "${xs[*]}" )"
}
__sh2_status=0
main "$@"
