#!/bin/sh
__sh2_check() { s="$1"; loc="$2"; if [ "$s" -ne 0 ]; then if [ -n "$loc" ]; then printf 'Error in %s\n' "$loc" >&2; fi; exit "$s"; fi; }
__sh2_log_now() { if [ -n "${SH2_LOG_TS:-}" ]; then printf '%s' "$SH2_LOG_TS"; return 0; fi; date '+%Y-%m-%dT%H:%M:%S%z' 2>/dev/null || date 2>/dev/null || printf '%s' 'unknown-time'; }
__sh2_log() { if [ "$3" = "true" ]; then printf '%s\t%s\t%s\n' "$(__sh2_log_now)" "$1" "$2" >&2; else printf '%s\t%s\n' "$1" "$2" >&2; fi; }
main() {
  __sh2_log 'INFO' 'hello' 'false'
  printf '%s\n' 'out'
}
__sh2_status=0
main "$@"
