__sh2_err_handler() { printf "Error in %s\n" "${__sh2_loc:-unknown}" >&2; }
trap '__sh2_err_handler' ERR
main() {
  __sh2_loc="tests/fixtures/map_for_iter.sh2:2:1"
  local -A m=( ['x']='10' ['y']='20' )
  local -a __sh2_keys_m=( 'x' 'y' )
  for __sh2_k in "${__sh2_keys_m[@]}"; do
    local k="$__sh2_k"
    local v="${m[$__sh2_k]}"
    printf '%s\n' "$k"
    printf '%s\n' "$v"
  done
}
__sh2_status=0
main "$@"
