
__sh2_coalesce() { if [ -n "$1" ]; then printf '%s' "$1"; else printf '%s' "$2"; fi; }
__sh2_trim() { awk -v s="$1" 'BEGIN { sub(/^[[:space:]]+/, "", s); sub(/[[:space:]]+$/, "", s); printf "%s", s }'; }
__sh2_before() { awk -v s="$1" -v sep="$2" 'BEGIN { n=index(s, sep); if(n==0) printf "%s", s; else printf "%s", substr(s, 1, n-1) }'; }
__sh2_after() { awk -v s="$1" -v sep="$2" 'BEGIN { n=index(s, sep); if(n==0) printf ""; else printf "%s", substr(s, n+length(sep)) }'; }
__sh2_replace() { awk -v s="$1" -v old="$2" -v new="$3" 'BEGIN { if(old=="") { printf "%s", s; exit } len=length(old); while(i=index(s, old)) { printf "%s%s", substr(s, 1, i-1), new; s=substr(s, i+len) } printf "%s", s }'; }
main() {
  if [ "1" -lt "2" ]; then
    printf '%s\n' 'lt_ok'
  else
    printf '%s\n' 'lt_bad'
  fi
  if [ "2" -le "2" ]; then
    printf '%s\n' 'le_ok'
  else
    printf '%s\n' 'le_bad'
  fi
  if [ "3" -gt "2" ]; then
    printf '%s\n' 'gt_ok'
  else
    printf '%s\n' 'gt_bad'
  fi
  if [ "3" -ge "3" ]; then
    printf '%s\n' 'ge_ok'
  else
    printf '%s\n' 'ge_bad'
  fi
}

__sh2_status=0
main "$@"
