
__sh2_coalesce() { if [ -n "$1" ]; then printf '%s' "$1"; else printf '%s' "$2"; fi; }
__sh2_trim() { awk -v s="$1" 'BEGIN { sub(/^[[:space:]]+/, "", s); sub(/[[:space:]]+$/, "", s); printf "%s", s }'; }
__sh2_before() { awk -v s="$1" -v sep="$2" 'BEGIN { n=index(s, sep); if(n==0) printf "%s", s; else printf "%s", substr(s, 1, n-1) }'; }
__sh2_after() { awk -v s="$1" -v sep="$2" 'BEGIN { n=index(s, sep); if(n==0) printf ""; else printf "%s", substr(s, n+length(sep)) }'; }
__sh2_replace() { awk -v s="$1" -v old="$2" -v new="$3" 'BEGIN { if(old=="") { printf "%s", s; exit } len=length(old); while(i=index(s, old)) { printf "%s%s", substr(s, 1, i-1), new; s=substr(s, i+len) } printf "%s", s }'; }
__sh2_split() { awk -v s="$1" -v sep="$2" 'BEGIN { if(sep=="") { printf "%s", s; exit } len=length(sep); while(i=index(s, sep)) { printf "%s\n", substr(s, 1, i-1); s=substr(s, i+len) } printf "%s", s }'; }
__sh2_matches() { [[ "$1" =~ $2 ]]; }
__sh2_parse_args() {
  local flags="" pos="" key val
  while [ "$#" -gt 0 ]; do
    case "$1" in
      --) shift; while [ "$#" -gt 0 ]; do pos="${pos}${1}
"; shift; done; break ;;
      --*=*) key="${1%%=*}"; val="${1#*=}"; flags="${flags}${key}	${val}
" ;;
      --*) key="$1"; if [ "$#" -gt 1 ] && [ "${2}" != "--" ] && [[ ! "$2" =~ ^-- ]]; then val="$2"; shift; else val="true"; fi; flags="${flags}${key}	${val}
" ;;
      *) pos="${pos}${1}
" ;;
    esac
    shift
  done
  printf '%s\n__SH2_SPLIT__\n%s' "$flags" "$pos"
}

__sh2_args_flags() { printf '%s' "$1" | awk '/^__SH2_SPLIT__$/ { exit } { print }'; }
__sh2_args_positionals() { printf '%s' "$1" | awk '/^__SH2_SPLIT__$/ { body=1; next } body { print }'; }
__sh2_args_flag_get() { printf '%s' "$1" | awk -v k="$2" -F '\t' '/^__SH2_SPLIT__$/ { exit } $1 == k { v = $2 } END { printf "%s", v }'; }
__sh2_list_get() { printf '%s' "$1" | awk -v i="$2" '/^__SH2_SPLIT__$/ { body=1; next } body { if (idx++ == i) { printf "%s", $0; exit } }'; }
main() {
  parsed="$( __sh2_parse_args "$@" )"
  printf '%s\n' 'k='"$( __sh2_args_flag_get "$parsed" '--k' )"
  printf '%s\n' 'missing='"$( __sh2_args_flag_get "$parsed" '--missing' )"
  printf '%s\n' 'oob='"$( __sh2_list_get "$parsed" $(( 9 )) )"
}

__sh2_status=0
main "$@"
