#!/bin/sh
__sh2_parse_args() {
  __out="" 
  while [ "$#" -gt 0 ]; do
    case "$1" in
      --) shift; while [ "$#" -gt 0 ]; do __out="${__out}P	${1}
"; shift; done; break ;;
      --*=*) __key="${1%%=*}"; __val="${1#*=}"; __out="${__out}F	${__key}	${__val}
" ;;
      --*) __key="$1"; __f=0; case "$2" in --*) __f=1;; esac
           if [ "$#" -gt 1 ] && [ "${2}" != "--" ] && [ "$__f" = 0 ]; then __val="$2"; shift; else __val="true"; fi
           __out="${__out}F	${__key}	${__val}
" ;;
      *) __out="${__out}P	${1}
" ;;
    esac
    shift
  done
  printf '%s' "$__out"
}
__sh2_args_positionals() { printf '%s' "$1" | awk '/^P\t/ { sub(/^P\t/, ""); print }'; }
__sh2_list_get() { printf '%s' "$1" | awk -v i="$2" 'NR==i+1 { printf "%s", $0; exit }'; }
main() {
  __sh2_loc="tests/fixtures/parse_args_positional_marker.sh2:2:3"
  a="${__sh2_parsed_args}"
  __sh2_status=$?; (exit $__sh2_status)
  printf '%s\n' 'p0='"$( __sh2_list_get "$( __sh2_args_positionals "$a" )" $(( 0 )) )"
  printf '%s\n' 'p1='"$( __sh2_list_get "$( __sh2_args_positionals "$a" )" $(( 1 )) )"
  printf '%s\n' 'p2='"$( __sh2_list_get "$( __sh2_args_positionals "$a" )" $(( 2 )) )"
}

__sh2_parsed_args="$(__sh2_parse_args "$@")"
__sh2_status=0
main "$@"
