#!/bin/sh
__sh2_path_join() { out=''; for p in "$@"; do [ -z "$p" ] && continue; case "$p" in /*) out="$p";; *) if [ -z "$out" ]; then out="$p"; else while [ "${out%/}" != "$out" ]; do out="${out%/}"; done; while [ "${p#/}" != "$p" ]; do p="${p#/}"; done; out="${out}/${p}"; fi;; esac; done; printf '%s' "$out"; }
main() {
  printf '%s\n' "$( __sh2_path_join 'a/' '/b' 'c/' )"
  printf '%s\n' "$( __sh2_path_join '' 'a' '' 'b' )"
}
__sh2_status=0
main "$@"
