__sh2_err_handler() { printf "Error in %s\n" "${__sh2_loc:-unknown}" >&2; }
trap '__sh2_err_handler' ERR
main() {
  __sh2_loc="tests/fixtures/pipe_blocks_mixed_right_stmt.sh2:2:3"
  ( set -o pipefail; set +e; {
    printf '%s\n' 'a'
    printf '%s\n' 'b'
  } | {
    __sh2_loc="tests/fixtures/pipe_blocks_mixed_right_stmt.sh2:2:36"
    'grep' 'b'; __sh2_status=$?; (exit $__sh2_status)
  } ); __sh2_status=$?; (exit $__sh2_status)
}
__sh2_status=0
main "$@"
