__sh2_err_handler() { printf "Error in %s\n" "${__sh2_loc:-unknown}" >&2; }
trap '__sh2_err_handler' ERR
main() {
  __sh2_loc="tests/fixtures/pipe_basic.sh2:2:3"
  ( set -o pipefail; set +e; 'echo' 'hello' 'world' | 'sed' 's/hello/hi/' ); __sh2_status=$?; (exit $__sh2_status)
}
__sh2_status=0
main "$@"
