main() {
  __sh2_loc="tests/fixtures/redirect_io.sh2:3"
  f="$( 'mktemp' )"
  {
    printf '%s\n' 'out'
  } > "$f"
  {
    printf '%s\n' 'err' >&2
  } 2>> "$f"
  __sh2_loc="tests/fixtures/redirect_io.sh2:14"
  'cat' "$f"; __sh2_status=$?; if [ $__sh2_status -ne 0 ]; then printf 'Error in %s\n' "$__sh2_loc" >&2; exit $__sh2_status; fi
  {
    printf '%s\n' 'e2s' >&2
  } 2>&1
  __sh2_loc="tests/fixtures/redirect_io.sh2:22"
  infile="$( 'mktemp' )"
  echo hello > $infile
  {
    __sh2_loc="tests/fixtures/redirect_io.sh2:25"
    'cat'; __sh2_status=$?; if [ $__sh2_status -ne 0 ]; then printf 'Error in %s\n' "$__sh2_loc" >&2; exit $__sh2_status; fi
  } < "$infile"
  __sh2_loc="tests/fixtures/redirect_io.sh2:29"
  f2="$( 'mktemp' )"
  {
    printf '%s\n' 'swap_ok'
  } 2> "$f2" 1>&2
  __sh2_loc="tests/fixtures/redirect_io.sh2:33"
  'cat' "$f2"; __sh2_status=$?; if [ $__sh2_status -ne 0 ]; then printf 'Error in %s\n' "$__sh2_loc" >&2; exit $__sh2_status; fi
  __sh2_loc="tests/fixtures/redirect_io.sh2:36"
  'rm' '-f' "$f"; __sh2_status=$?; if [ $__sh2_status -ne 0 ]; then printf 'Error in %s\n' "$__sh2_loc" >&2; exit $__sh2_status; fi
  __sh2_loc="tests/fixtures/redirect_io.sh2:37"
  'rm' '-f' "$infile"; __sh2_status=$?; if [ $__sh2_status -ne 0 ]; then printf 'Error in %s\n' "$__sh2_loc" >&2; exit $__sh2_status; fi
  __sh2_loc="tests/fixtures/redirect_io.sh2:38"
  'rm' '-f' "$f2"; __sh2_status=$?; if [ $__sh2_status -ne 0 ]; then printf 'Error in %s\n' "$__sh2_loc" >&2; exit $__sh2_status; fi
}
__sh2_status=0
main "$@"
