__sh2_err_handler() { printf "Error in %s\n" "${__sh2_loc:-unknown}" >&2; }
trap '__sh2_err_handler' ERR
__sh2_require() { for c in "$@"; do if ! command -v -- "$c" >/dev/null 2>&1; then printf '%s\n' "missing required command: $c" >&2; exit 127; fi; done; }
main() {
  __sh2_loc="/srv/repos/rust/sh2c/tests/fixtures/require_non_literal_is_error.sh2:3"
  x='sh'
  __sh2_require "$x"
  __sh2_status=$?; (exit $__sh2_status)
}
__sh2_status=0
main "$@"
