#!/usr/bin/env bash
__sh2_check() { local s="$1"; local loc="$2"; local mode="$3"; if (( s != 0 )); then if [[ -n "$loc" ]]; then printf 'Error in %s\n' "$loc" >&2; fi; if [[ "$mode" == "return" ]]; then return "$s"; else exit "$s"; fi; fi; }
__sh2_err_handler() {
  local s=$?
  local loc="${__sh2_loc:-}"
  if [[ "${BASH_COMMAND}" == *"(exit "* ]]; then return $s; fi
  if [[ -z "$loc" ]]; then return $s; fi
  if [[ "$loc" == "${__sh2_last_err_loc:-}" && "$s" == "${__sh2_last_err_status:-}" ]]; then return $s; fi
  __sh2_last_err_loc="$loc"
  __sh2_last_err_status="$s"
  printf "Error in %s\n" "$loc" >&2
  return $s
}
set -o errtrace
trap '__sh2_err_handler' ERR
check() {
  local __sh2_loc=""
  local path="${1}"
  if [ -s "$path" ]; then printf '%s' 1; fi
  return 0
}

main() {
  local __sh2_loc=""
  __sh2_loc="tests/fixtures/return_fs_predicate.sh2:6:3"
  'sh' '-c' 'rm -f empty nonempty; printf '\'''\'' > empty; echo hi > nonempty'; __sh2_status=$?
  __sh2_check "$__sh2_status" "${__sh2_loc:-}" "exit"
  __sh2_loc="tests/fixtures/return_fs_predicate.sh2:7:3"
  'check' 'nonempty'; __sh2_status=$?
  __sh2_check "$__sh2_status" "${__sh2_loc:-}" "exit"
  if [ "$__sh2_status" = "0" ]; then
    printf '%s\n' 'nonempty: ok'
  fi
  __sh2_loc="tests/fixtures/return_fs_predicate.sh2:12:3"
  'check' 'empty'; __sh2_status=$?
  __sh2_check "$__sh2_status" "${__sh2_loc:-}" "exit"
  if [ "$__sh2_status" = "1" ]; then
    printf '%s\n' 'empty: ok'
  fi
}
__sh2_status=0
main "$@"
