__sh2_err_handler() { printf "Error in %s\n" "${__sh2_loc:-unknown}" >&2; }
trap '__sh2_err_handler' ERR
main() {
  if {
    __sh2_loc="tests/fixtures/run_allow_fail_pipe_segment.sh2:6"
    if [[ -o pipefail ]]; then __p=1; else __p=0; fi; set -o pipefail; case $- in *e*) __e=1;; *) __e=0;; esac; set +e; { { 'sh' '-c' 'exit 7'; } || true; } | 'cat' ; __sh2_status=$?; if [ "$__e" = 1 ]; then set -e; fi; if [ "$__p" = 0 ]; then set +o pipefail; fi; (exit $__sh2_status) &&
    printf '%s\n' 'AFTER_PIPE'
  }; then
    :
  else
    printf '%s\n' 'CAUGHT_PIPE'
  fi
  printf '%s\n' 'DONE'
}
__sh2_status=0
main "$@"
