#!/usr/bin/env bash
__sh2_err_handler() {
  local s=$?
  local loc="${__sh2_loc:-}"
  if [[ "${BASH_COMMAND}" == *"(exit "* ]]; then return $s; fi
  if [[ -z "$loc" ]]; then return $s; fi
  if [[ "$loc" == "${__sh2_last_err_loc:-}" && "$s" == "${__sh2_last_err_status:-}" ]]; then return $s; fi
  __sh2_last_err_loc="$loc"
  __sh2_last_err_status="$s"
  printf "Error in %s\n" "$loc" >&2
  return $s
}
set -o errtrace
trap '__sh2_err_handler' ERR
main() {
  local __sh2_loc=""
  local __sh2_e=0; case $- in *e*) __sh2_e=1;; *) __sh2_e=0;; esac; set +e
  local __sh2_err=$(trap -p ERR || true); trap - ERR
  if {
    {
      printf '%s\n' 'BEFORE'
    } && {
      'sh' '-c' 'exit 7'; __sh2_status=$?; (exit $__sh2_status)
    }
  }; then
    if [ -n "$__sh2_err" ]; then eval "$__sh2_err"; fi; if [ "$__sh2_e" = 1 ]; then set -e; fi
  else
    if [ -n "$__sh2_err" ]; then eval "$__sh2_err"; fi; if [ "$__sh2_e" = 1 ]; then set -e; fi
    printf '%s\n' 'CAUGHT'
  fi
}
__sh2_status=0
main "$@"
