#!/bin/sh
__sh2_trim() { awk -v s="$1" 'BEGIN { sub(/^[[:space:]]+/, "", s); sub(/[[:space:]]+$/, "", s); printf "%s", s }'; }
__sh2_replace() { awk -v s="$1" -v old="$2" -v new="$3" 'BEGIN { if(old=="") { printf "%s", s; exit } len=length(old); while(i=index(s, old)) { printf "%s%s", substr(s, 1, i-1), new; s=substr(s, i+len) } printf "%s", s }'; }
main() {
  __sh2_loc="tests/fixtures/string_utils_multiline.sh2:2:5"
  s='one
two
three'
  __sh2_status=$?; (exit $__sh2_status)
  __sh2_loc="tests/fixtures/string_utils_multiline.sh2:5:5"
  r="$( __sh2_replace "$s" '
' '|' )"
  __sh2_status=$?; (exit $__sh2_status)
  printf '%s\n' "$r"
  __sh2_loc="tests/fixtures/string_utils_multiline.sh2:8:5"
  t='  line1
  line2  '
  __sh2_status=$?; (exit $__sh2_status)
  printf '%s\n' '>'"$( __sh2_trim "$t" )"'<'
}
__sh2_status=0
main "$@"
