__sh2_before() { awk -v s="$1" -v sep="$2" 'BEGIN { n=index(s, sep); if(n==0) printf "%s", s; else printf "%s", substr(s, 1, n-1) }'; }
__sh2_after() { awk -v s="$1" -v sep="$2" 'BEGIN { n=index(s, sep); if(n==0) printf ""; else printf "%s", substr(s, n+length(sep)) }'; }
__sh2_err_handler() { printf "Error in %s\n" "${__sh2_loc:-unknown}" >&2; }
trap '__sh2_err_handler' ERR
main() {
  __sh2_loc="tests/fixtures/string_before_after_basic.sh2:2"
  s='a--b--c'
  printf '%s\n' 'b:'"$( __sh2_before "$s" '--' )"
  printf '%s\n' 'a:'"$( __sh2_after "$s" '--' )"
  printf '%s\n' 'b_missing:'"$( __sh2_before "$s" 'ZZ' )"
  printf '%s\n' 'a_missing:'"$( __sh2_after "$s" 'ZZ' )"
  printf '%s\n' 'b_empty:'"$( __sh2_before "$s" '' )"
  printf '%s\n' 'a_empty:'"$( __sh2_after "$s" '' )"
}
__sh2_status=0
main "$@"
