#!/usr/bin/env bash
__sh2_check() { local s="$1"; local loc="$2"; local mode="$3"; if (( s != 0 )); then if [[ -n "$loc" ]]; then printf 'Error in %s\n' "$loc" >&2; fi; if [[ "$mode" == "return" ]]; then return "$s"; else exit "$s"; fi; fi; }
__sh2_trim() { awk -v s="$1" 'BEGIN { sub(/^[[:space:]]+/, "", s); sub(/[[:space:]]+$/, "", s); printf "%s", s }'; }
main() {
  printf '%s\n' '>'"$( __sh2_trim '  hi	' )"'<'
  printf '%s\n' '>'"$( __sh2_trim ' 
	 ' )"'<'
}
__sh2_status=0
main "$@"
