__sh2_err_handler() { printf "Error in %s\n" "${__sh2_loc:-unknown}" >&2; }
trap '__sh2_err_handler' ERR
main() {
  __sh2_loc="tests/fixtures/subshell_basic.sh2:2"
  x='outer'
  (
    __sh2_loc="tests/fixtures/subshell_basic.sh2:4"
    x='inner'
    printf '%s\n' "$x"
  )
  printf '%s\n' "$x"
}
__sh2_status=0
main "$@"
