#!/usr/bin/env bash
__sh2_check() { local s="$1"; local loc="$2"; if (( s != 0 )); then if [[ -n "$loc" ]]; then printf 'Error in %s\n' "$loc" >&2; fi; exit "$s"; fi; }
main() {
  false
  __sh2_status=$?
  __sh2_check "$__sh2_status" "${__sh2_loc:-}"
  if [ "$__sh2_status" = "0" ]; then
    exit "1"
  fi
  printf '%s\n' 'ok'
}
__sh2_status=0
main "$@"
