__sh2_err_handler() { printf "Error in %s\n" "${__sh2_loc:-unknown}" >&2; }
trap '__sh2_err_handler' ERR
main() {
  __sh2_loc="tests/fixtures/target_posix_rejects_index.sh2:2"
  x="$( arr=('a' 'b'); idx=$(( 0 )); printf "%s" "${arr[idx]}" )"
  __sh2_loc="tests/fixtures/target_posix_rejects_index.sh2:3"
  'echo' "$x"; __sh2_status=$?; (exit $__sh2_status)
}
__sh2_status=0
main "$@"
