main() {
  __sh2_loc="tests/fixtures/try_catch_nounset.sh2:3:5"
  'set' '-u'; __sh2_status=$?; (exit $__sh2_status)
  case $- in *e*) __sh2_e=1;; *) __sh2_e=0;; esac; set +e
  if {
    {
      'sh' '-c' 'exit 77'; __sh2_status=$?; (exit $__sh2_status)
    }
  }; then
    if [ "${__sh2_e:-0}" = 1 ]; then set -e; fi
  else
    if [ "${__sh2_e:-0}" = 1 ]; then set -e; fi
    printf '%s\n' 'caught'
  fi
  printf '%s\n' 'done'
}
__sh2_status=0
main "$@"
