__sh2_tmpfile() { if command -v mktemp >/dev/null 2>&1; then mktemp; else printf "%s/sh2_tmp_%s_%s" "${TMPDIR:-/tmp}" "$$" "$(awk 'BEGIN{srand();print int(rand()*1000000)}')"; fi; }
__sh2_read_file() { cat "$1" 2>/dev/null || true; }
main() {
  __sh2_loc="tests/fixtures/try_run_success.sh2:2:5"
    r__tmp_out="$(__sh2_tmpfile)"
  r__tmp_err="$(__sh2_tmpfile)"
  case $- in *e*) __sh2__errexit_was_set=1;; *) __sh2__errexit_was_set=0;; esac; set +e; 'echo' 'hello' >"$r__tmp_out" 2>"$r__tmp_err"; r__status=$?; if [ "$__sh2__errexit_was_set" = 1 ]; then set -e; fi;
  r__stdout="$(__sh2_read_file "$r__tmp_out")"
  r__stderr="$(__sh2_read_file "$r__tmp_err")"
  rm -f "$r__tmp_out" "$r__tmp_err"
  __sh2_status="$r__status"
  printf '%s\n' "$r__status"
  printf '%s\n' "$r__stdout"
  printf '%s\n' "$r__stderr"
}
__sh2_status=0
main "$@"
