__sh2_err_handler() { printf "Error in %s\n" "${__sh2_loc:-unknown}" >&2; }
trap '__sh2_err_handler' ERR
__sh2_tmpfile() { if command -v mktemp >/dev/null 2>&1; then mktemp; else printf "%s/sh2_tmp_%s_%s" "${TMPDIR:-/tmp}" "$$" "$(awk 'BEGIN{srand();print int(rand()*1000000)}')"; fi; }
__sh2_read_file() { cat "$1" 2>/dev/null || true; }
main() {
  __sh2_loc="tests/fixtures/try_run_field_with_env_leak_invalid.sh2:2"
  r='base'
  (
    __sh2_loc="tests/fixtures/try_run_field_with_env_leak_invalid.sh2:4"
        r__tmp_out="$(__sh2_tmpfile)"
    r__tmp_err="$(__sh2_tmpfile)"
    case $- in *e*) __sh2__errexit_was_set=1;; *) __sh2__errexit_was_set=0;; esac; set +e; 'sh' '-c' 'printf '\''x'\''; exit 0' >"$r__tmp_out" 2>"$r__tmp_err"; r__status=$?; if [ "$__sh2__errexit_was_set" = 1 ]; then set -e; fi;
    r__stdout="$(__sh2_read_file "$r__tmp_out")"
    r__stderr="$(__sh2_read_file "$r__tmp_err")"
    rm -f "$r__tmp_out" "$r__tmp_err"
    __sh2_status="$r__status"
  )
  printf '%s\n' "$r__stdout"
}
__sh2_status=0
main "$@"
