#!/bin/sh
main() {
  __sh2_loc="tests/fixtures/wait_list_var.sh2:2:3"
  a='123'
  __sh2_status=$?; (exit $__sh2_status)
  __sh2_loc="tests/fixtures/wait_list_var.sh2:3:3"
  b='456'
  __sh2_status=$?; (exit $__sh2_status)
  wait "$a" "$b"; __sh2_status=$?; (exit $__sh2_status)
}
__sh2_status=0
main "$@"
