#!/usr/bin/env bash
__sh2_check() { local s="$1"; local loc="$2"; if (( s != 0 )); then if [[ -n "$loc" ]]; then printf 'Error in %s\n' "$loc" >&2; fi; exit "$s"; fi; }
__sh2_err_handler() {
  local s=$?
  local loc="${__sh2_loc:-}"
  if [[ "${BASH_COMMAND}" == *"(exit "* ]]; then return $s; fi
  if [[ -z "$loc" ]]; then return $s; fi
  if [[ "$loc" == "${__sh2_last_err_loc:-}" && "$s" == "${__sh2_last_err_status:-}" ]]; then return $s; fi
  __sh2_last_err_loc="$loc"
  __sh2_last_err_status="$s"
  printf "Error in %s\n" "$loc" >&2
  return $s
}
set -o errtrace
trap '__sh2_err_handler' ERR
main() {
  local __sh2_loc=""
  {
    __sh2_loc="tests/fixtures/with_redirect_stdout_append.sh2:3:5"
    'echo' 'hi'; __sh2_status=$?
    __sh2_check "$__sh2_status" "${__sh2_loc:-}"
  } >> 'out.log'
}
__sh2_status=0
main "$@"
