__sh2_err_handler() { printf "Error in %s\n" "${__sh2_loc:-unknown}" >&2; }
trap '__sh2_err_handler' ERR
main() {
  if {
    (
      __sh2_log_path='out.log'
      : > "$__sh2_log_path"
      trap 'exec >&-; exec 2>&-; wait' EXIT
      exec > >(tee -a "$__sh2_log_path")
      exec 2> >(tee -a "$__sh2_log_path" >&2)
      __sh2_loc="tests/fixtures/with_log_try_catch.sh2:4"
      'sh' '-c' 'exit 7'; __sh2_status=$?; (exit $__sh2_status)
    )
  }; then
    :
  else
    printf '%s\n' 'CAUGHT'
  fi
}
__sh2_status=0
main "$@"
