__sh2_err_handler() { local s=$?; if [[ "${BASH_COMMAND}" == *"(exit "* ]]; then return $s; fi; printf "Error in %s\n" "${__sh2_loc:-unknown}" >&2; return $s; }
set -o errtrace
trap '__sh2_err_handler' ERR
main() {
  local __sh2_loc=""
  (
    cd '/tmp'
    __sh2_loc="tests/fixtures/with_cwd.sh2:3:9"
    'pwd'; __sh2_status=$?; (exit $__sh2_status)
  )
}
__sh2_status=0
main "$@"
