__sh2_err_handler() { local s=$?; if [[ "${BASH_COMMAND}" == *"(exit "* ]]; then return $s; fi; printf "Error in %s\n" "${__sh2_loc:-unknown}" >&2; return $s; }
set -o errtrace
trap '__sh2_err_handler' ERR
main() {
  local __sh2_loc=""
  {
    __sh2_loc="tests/fixtures/with_redirect_combo.sh2:3:5"
    'echo' 'hi'; __sh2_status=$?; (exit $__sh2_status)
  } > 'out.log' 2>&1
}
__sh2_status=0
main "$@"
