main() {
  (
    __sh2_log_path='out.log'
    : > "$__sh2_log_path"
    trap 'exec >&-; exec 2>&-; wait' EXIT
    exec > >(tee -a "$__sh2_log_path")
    exec 2> >(tee -a "$__sh2_log_path" >&2)
    printf '%s\n' 'A'
    printf '%s\n' 'ERR' >&2
  )
  'sh' '-c' 'sort out.log'; __sh2_status=$?; (exit $__sh2_status)
}

__sh2_status=0
main "$@"
