#!/bin/sh
__sh2_check() { s="$1"; loc="$2"; if [ "$s" -ne 0 ]; then if [ -n "$loc" ]; then printf 'Error in %s\n' "$loc" >&2; fi; exit "$s"; fi; }
__sh2_read_file() { cat "$1"; }
__sh2_write_file() { if [ "$3" = "true" ]; then printf '%s' "$2" >> "$1"; else printf '%s' "$2" > "$1"; fi; }
main() {
  __sh2_loc="tests/fixtures/write_file_spaces.sh2:3:5"
  'mkdir' '-p' 'dir with spaces'; __sh2_status=$?
  __sh2_check "$__sh2_status" "${__sh2_loc:-}"
  __sh2_loc="tests/fixtures/write_file_spaces.sh2:4:5"
  p='dir with spaces/file.txt'
  __sh2_status=$?
  __sh2_check "$__sh2_status" "${__sh2_loc:-}"
  printf '%s' 'content' > "$p"
  __sh2_status=$?
  __sh2_check "$__sh2_status" "${__sh2_loc:-}"
  printf '%s\n' "$( __sh2_read_file "$p" )"
}
__sh2_status=0
main "$@"
