#!/usr/bin/env bash
__sh2_read_file() { cat "$1" 2>/dev/null || true; }
__sh2_write_file() { if [ "$3" = "true" ]; then printf '%s' "$2" >> "$1"; else printf '%s' "$2" > "$1"; fi; }
main() {
  printf '%s' 'content' > 'output.txt'
  __sh2_status=$?; (exit $__sh2_status)
  if [ "$( __sh2_read_file 'output.txt' )" != 'content' ]; then
    exit "1"
  fi
}
__sh2_status=0
main "$@"
